// Jest Snapshot v1, https://goo.gl/fbAQLP

exports[`Pruebas en <GifItem /> debe de hacer match con el snapshot 1`] = `
<div>
  <div
    class="bg-white border bg-gray-50 rounded-lg shadow "
  >
    <img
      alt="Saitama"
      class="rounded-lg w-full"
      src="https://one-puch.com/saitama.jpg"
    />
    <div
      class="p-4"
    >
      <span
        class="font-medium"
      >
        Saitama
      </span>
    </div>
  </div>
</div>
`;
